<?xml version="1.0" encoding="utf-8"?><testsuites><testsuite name="pytest" errors="0" failures="0" skipped="0" tests="4" time="6.129" timestamp="2024-03-02T08:06:07.441972" hostname="NitosMonster"><testcase classname="tests.api.test_api.TestBatchPipeline" name="test_should_failed_unkown_column_1" time="0.039" /><testcase classname="tests.api.test_api.TestBatchPipeline" name="test_should_failed_unkown_column_2" time="0.019" /><testcase classname="tests.api.test_api.TestBatchPipeline" name="test_should_failed_unkown_column_3" time="0.019" /><testcase classname="tests.api.test_api.TestBatchPipeline" name="test_should_get_predict" time="0.048" /></testsuite></testsuites>